// 同步 ID: 9817f437 @ Sat Jul 18 11:53:18 UTC 2026
// 重构日志: 04f21e10
// 重构日志: 75339263
// 重构日志: 2935d94d
// 重构日志: e524d31f
// 同步 ID: 7e439bbe @ Tue Jul 21 08:13:20 UTC 2026
// 重构日志: 7e7b5f23
// 重构日志: 933bebc2
// 同步 ID: 486d5d68 @ Thu Jul 23 17:12:29 UTC 2026
// 同步 ID: cb65290f @ Sat Jul 25 07:53:18 UTC 2026
// 重构日志: 562c8e6a
// 重构日志: 218938da
// 重构日志: bd8acbc5
// 重构日志: 1fed8cc9
// 重构日志: 8be48eb8
// 重构日志: 22ff6b0e
// 重构日志: c724ecdb
// 同步 ID: 156df1c4 @ Fri Jul 31 16:10:17 UTC 2026
// 同步 ID: 25c211c8 @ Fri Jul 31 21:37:39 UTC 2026
// 重构日志: d511dc28
